main.c:81:5:_write	32	static
main.c:105:6:hw_set_dir_and_pwm	96	static
main.c:147:10:hw_uart_get_write_buffer	4	static
main.c:150:6:hw_uart_send	16	static
main.c:161:6:hw_uart_busy	4	static
main.c:165:6:HAL_UART_TxCpltCallback	16	static
main.c:178:6:uart3_listen	8	static
main.c:182:6:HAL_UART_RxCpltCallback	24	static
main.c:247:6:HAL_GPIO_EXTI_Callback	24	static
main.c:283:10:hw_enc_read	16	static
main.c:287:9:hw_limits_read	24	static
main.c:297:6:check_limits	16	static
main.c:305:10:hw_micros	4	static
main.c:325:5:main	8	static
main.c:387:6:SystemClock_Config	88	static
main.c:432:13:MX_TIM2_Init	64	static
main.c:490:13:MX_TIM3_Init	64	static
main.c:549:13:MX_TIM4_Init	64	static
main.c:608:13:MX_TIM10_Init	40	static
main.c:654:13:MX_TIM11_Init	40	static
main.c:700:13:MX_TIM13_Init	40	static
main.c:746:13:MX_TIM14_Init	40	static
main.c:792:13:MX_UART4_Init	8	static
main.c:825:13:MX_USART3_UART_Init	8	static
main.c:858:13:MX_GPIO_Init	48	static
main.c:943:6:Error_Handler	8	static,ignoring_inline_asm
