main.c:80:5:_write	32	static
main.c:111:6:hw_set_dir_and_pwm	96	static
main.c:153:10:hw_uart_get_write_buffer	4	static
main.c:156:6:hw_uart_send	16	static
main.c:167:6:hw_uart_busy	4	static
main.c:171:6:HAL_UART_TxCpltCallback	16	static
main.c:184:6:uart3_listen	8	static
main.c:188:6:HAL_UART_RxCpltCallback	24	static
main.c:224:6:hw_limit_read	16	static
main.c:229:10:hw_micros	4	static
main.c:249:5:main	8	static
main.c:310:6:SystemClock_Config	88	static
main.c:355:13:MX_TIM2_Init	64	static
main.c:413:13:MX_TIM3_Init	64	static
main.c:472:13:MX_TIM4_Init	64	static
main.c:531:13:MX_TIM10_Init	40	static
main.c:577:13:MX_TIM11_Init	40	static
main.c:623:13:MX_TIM13_Init	40	static
main.c:669:13:MX_TIM14_Init	40	static
main.c:715:13:MX_UART4_Init	8	static
main.c:748:13:MX_USART3_UART_Init	8	static
main.c:781:13:MX_GPIO_Init	48	static
main.c:853:6:Error_Handler	4	static,ignoring_inline_asm
